Hello from plugin system!